
> agrata-outfits@0.1.0 build
> next build

   Γû▓ Next.js 15.2.4
   - Environments: .env.local

   Creating an optimized production build ...
 Γ£ô Compiled successfully
   Linting and checking validity of types ...

./src/app/layout.tsx
19:9  Warning: Custom fonts not added in `pages/_document.js` will only load for a single page. This is discouraged. See: https://nextjs.org/docs/messages/no-page-custom-font  @next/next/no-page-custom-font

info  - Need to disable some ESLint rules? Learn more here: https://nextjs.org/docs/app/api-reference/config/eslint#disabling-rules
node.exe : Failed to 
compile.
At line:1 char:1
+ & "C:\Program 
Files\nodejs/node.exe" "C:\
Users\divin\AppData\Roaming
\ ...
+ ~~~~~~~~~~~~~~~~~~~~~~~~~
~~~~~~~~~~~~~~~~~~~~~~~~~~~
~~~~~~~~~~~~~~~~~
    + CategoryInfo         
     : NotSpecified: (Fai  
  led to compile.:String   
 ) [], RemoteException
    + FullyQualifiedErrorI 
   d : NativeCommandError
 

./node_modules_old/@interna
tionalized/date/src/DateFor
matter.ts:124:16
Type error: Element 
implicitly has an 'any' 
type because expression of 
type 'string' can't be 
used to index type '{ 
true: { ja: string; }; 
false: {}; }'.
  No index signature with 
a parameter of type 
'string' was found on type 
'{ true: { ja: string; }; 
false: {}; }'.

[0m [90m 122 |[39m   
[36mif[39m 
([36mtypeof[39m 
options[33m.[39mhour12 
[33m===[39m 
[32m'boolean'[39m 
[33m&&[39m 
hasBuggyHour12Behavior()) 
{[0m
[0m [90m 123 |[39m     
options [33m=[39m {[33m.
..[39moptions}[33m;[39m
[0m
[0m[31m[1m>[22m[39m[9
0m 124 |[39m     
[36mlet[39m pref 
[33m=[39m hour12Preferenc
es[[33mString[39m(options
[33m.[39mhour12)][locale
[33m.[39msplit([32m'-'[3
9m)[[35m0[39m]][33m;[39
m[0m
[0m [90m     |[39m      
          
[31m[1m^[22m[39m[0m
[0m [90m 125 |[39m     
[36mlet[39m 
defaultHourCycle 
[33m=[39m 
options[33m.[39mhour12 
[33m?[39m 
[32m'h12'[39m 
[33m:[39m [32m'h23'[39m
[33m;[39m[0m
[0m [90m 126 |[39m     o
ptions[33m.[39mhourCycle 
[33m=[39m pref 
[33m?[39m[33m?[39m defa
ultHourCycle[33m;[39m[0m
[0m [90m 127 |[39m     
[36mdelete[39m options[3
3m.[39mhour12[33m;[39m[
0m
Next.js build worker 
exited with code: 1 and 
signal: null
