node.exe : The system 
cannot find the path 
specified.
At line:1 char:1
+ & "C:\Program 
Files\nodejs/node.exe" "C:\
Users\divin\AppData\Roaming
\ ...
+ ~~~~~~~~~~~~~~~~~~~~~~~~~
~~~~~~~~~~~~~~~~~~~~~~~~~~~
~~~~~~~~~~~~~~~~~
    + CategoryInfo         
     : NotSpecified: (The  
   system cann...path sp   
 ecified.:String) [], R    
emoteException
    + FullyQualifiedErrorI 
   d : NativeCommandError
 
