node_modules_old/@internationalized/date/src/DateFormatter.ts(124,16): error TS7053: Element implicitly has an 'any' type because expression of type 'string' can't be used to index type '{ true: { ja: string; }; false: {}; }'.
  No index signature with a parameter of type 'string' was found on type '{ true: { ja: string; }; false: {}; }'.
node_modules_old/@internationalized/date/src/manipulation.ts(133,16): error TS7053: Element implicitly has an 'any' type because expression of type 'string' can't be used to index type 'DateTimeDuration'.
  No index signature with a parameter of type 'string' was found on type 'DateTimeDuration'.
node_modules_old/@internationalized/date/src/manipulation.ts(134,7): error TS7053: Element implicitly has an 'any' type because expression of type 'string' can't be used to index type '{}'.
  No index signature with a parameter of type 'string' was found on type '{}'.
node_modules_old/@internationalized/date/src/manipulation.ts(134,31): error TS7053: Element implicitly has an 'any' type because expression of type 'string' can't be used to index type 'DateTimeDuration'.
  No index signature with a parameter of type 'string' was found on type 'DateTimeDuration'.
node_modules_old/@internationalized/date/src/queries.ts(245,19): error TS7053: Element implicitly has an 'any' type because expression of type 'string' can't be used to index type '{ '001': number; AD: number; AE: number; AF: number; AI: number; AL: number; AM: number; AN: number; AR: number; AT: number; AU: number; AX: number; AZ: number; BA: number; BE: number; BG: number; BH: number; BM: number; ... 76 more ...; XK: number; }'.
  No index signature with a parameter of type 'string' was found on type '{ '001': number; AD: number; AE: number; AF: number; AI: number; AL: number; AM: number; AN: number; AR: number; AT: number; AU: number; AX: number; AZ: number; BA: number; BE: number; BG: number; BH: number; BM: number; ... 76 more ...; XK: number; }'.
node_modules_old/@internationalized/date/src/queries.ts(306,22): error TS7053: Element implicitly has an 'any' type because expression of type 'string' can't be used to index type '{ AF: number[]; AE: number[]; BH: number[]; DZ: number[]; EG: number[]; IL: number[]; IQ: number[]; IR: number[]; JO: number[]; KW: number[]; LY: number[]; OM: number[]; QA: number[]; SA: number[]; SD: number[]; SY: number[]; YE: number[]; }'.
  No index signature with a parameter of type 'string' was found on type '{ AF: number[]; AE: number[]; BH: number[]; DZ: number[]; EG: number[]; IL: number[]; IQ: number[]; IR: number[]; JO: number[]; KW: number[]; LY: number[]; OM: number[]; QA: number[]; SA: number[]; SD: number[]; SY: number[]; YE: number[]; }'.
node_modules_old/@internationalized/date/src/string.ts(26,10): error TS1503: Named capturing groups are only available when targeting 'ES2018' or later.
node_modules_old/@internationalized/date/src/string.ts(26,31): error TS1503: Named capturing groups are only available when targeting 'ES2018' or later.
node_modules_old/@internationalized/date/src/string.ts(26,48): error TS1503: Named capturing groups are only available when targeting 'ES2018' or later.
node_modules_old/@internationalized/date/src/string.ts(26,66): error TS1503: Named capturing groups are only available when targeting 'ES2018' or later.
node_modules_old/@internationalized/date/src/string.ts(26,83): error TS1503: Named capturing groups are only available when targeting 'ES2018' or later.
node_modules_old/@internationalized/date/src/string.ts(26,99): error TS1503: Named capturing groups are only available when targeting 'ES2018' or later.
node_modules_old/@internationalized/date/src/string.ts(26,110): error TS1503: Named capturing groups are only available when targeting 'ES2018' or later.
node_modules_old/@internationalized/date/src/string.ts(26,139): error TS1503: Named capturing groups are only available when targeting 'ES2018' or later.
node_modules_old/@internationalized/date/src/string.ts(26,170): error TS1503: Named capturing groups are only available when targeting 'ES2018' or later.
node_modules_old/@internationalized/number/src/NumberFormatter.ts(78,20): error TS7053: Element implicitly has an 'any' type because expression of type 'string' can't be used to index type '{ degree: { narrow: { default: string; 'ja-JP': string; 'zh-TW': string; 'sl-SI': string; }; }; }'.
  No index signature with a parameter of type 'string' was found on type '{ degree: { narrow: { default: string; 'ja-JP': string; 'zh-TW': string; 'sl-SI': string; }; }; }'.
node_modules_old/@internationalized/number/src/NumberFormatter.ts(153,10): error TS7053: Element implicitly has an 'any' type because expression of type 'string' can't be used to index type '{ degree: { narrow: { default: string; 'ja-JP': string; 'zh-TW': string; 'sl-SI': string; }; }; }'.
  No index signature with a parameter of type 'string' was found on type '{ degree: { narrow: { default: string; 'ja-JP': string; 'zh-TW': string; 'sl-SI': string; }; }; }'.
node_modules_old/@internationalized/number/src/NumberParser.ts(301,15): error TS7006: Parameter 'd' implicitly has an 'any' type.
node_modules_old/@supabase/realtime-js/src/index.ts(31,3): error TS1205: Re-exporting a type when 'isolatedModules' is enabled requires using 'export type'.
node_modules_old/@supabase/realtime-js/src/index.ts(32,3): error TS1205: Re-exporting a type when 'isolatedModules' is enabled requires using 'export type'.
node_modules_old/@supabase/realtime-js/src/index.ts(34,3): error TS1205: Re-exporting a type when 'isolatedModules' is enabled requires using 'export type'.
node_modules_old/@supabase/realtime-js/src/index.ts(35,3): error TS1205: Re-exporting a type when 'isolatedModules' is enabled requires using 'export type'.
node_modules_old/@supabase/realtime-js/src/index.ts(36,3): error TS1205: Re-exporting a type when 'isolatedModules' is enabled requires using 'export type'.
node_modules_old/@supabase/realtime-js/src/index.ts(37,3): error TS1205: Re-exporting a type when 'isolatedModules' is enabled requires using 'export type'.
node_modules_old/@supabase/realtime-js/src/index.ts(38,3): error TS1205: Re-exporting a type when 'isolatedModules' is enabled requires using 'export type'.
node_modules_old/@supabase/realtime-js/src/index.ts(39,3): error TS1205: Re-exporting a type when 'isolatedModules' is enabled requires using 'export type'.
node_modules_old/@supabase/realtime-js/src/index.ts(40,3): error TS1205: Re-exporting a type when 'isolatedModules' is enabled requires using 'export type'.
node_modules_old/@supabase/realtime-js/src/index.ts(41,3): error TS1205: Re-exporting a type when 'isolatedModules' is enabled requires using 'export type'.
node_modules_old/@supabase/realtime-js/src/index.ts(42,3): error TS1205: Re-exporting a type when 'isolatedModules' is enabled requires using 'export type'.
node_modules_old/@supabase/realtime-js/src/index.ts(43,3): error TS1205: Re-exporting a type when 'isolatedModules' is enabled requires using 'export type'.
node_modules_old/@supabase/realtime-js/src/index.ts(44,3): error TS1205: Re-exporting a type when 'isolatedModules' is enabled requires using 'export type'.
node_modules_old/@supabase/realtime-js/src/index.ts(51,3): error TS1205: Re-exporting a type when 'isolatedModules' is enabled requires using 'export type'.
node_modules_old/@supabase/realtime-js/src/index.ts(52,3): error TS1205: Re-exporting a type when 'isolatedModules' is enabled requires using 'export type'.
node_modules_old/@supabase/ssr/src/createBrowserClient.ts(5,8): error TS2307: Cannot find module '@supabase/supabase-js/dist/module/lib/types' or its corresponding type declarations.
node_modules_old/@supabase/ssr/src/createBrowserClient.ts(54,29): error TS2344: Type 'SchemaName' does not satisfy the constraint '{ PostgrestVersion: string; } | (string & Exclude<keyof Database, "__InternalSupabase">)'.
  Type 'string & keyof Database' is not assignable to type '{ PostgrestVersion: string; } | (string & Exclude<keyof Database, "__InternalSupabase">)'.
    Type 'string & keyof Database' is not assignable to type 'string & Exclude<keyof Database, "__InternalSupabase">'.
      Type 'string & keyof Database' is not assignable to type 'Exclude<keyof Database, "__InternalSupabase">'.
        Type 'SchemaName' is not assignable to type 'string & Exclude<keyof Database, "__InternalSupabase">'.
          Type 'string & keyof Database' is not assignable to type 'string & Exclude<keyof Database, "__InternalSupabase">'.
            Type 'string & keyof Database' is not assignable to type 'Exclude<keyof Database, "__InternalSupabase">'.
              Type 'SchemaName' is not assignable to type 'Exclude<keyof Database, "__InternalSupabase">'.
                Type 'string & keyof Database' is not assignable to type 'Exclude<keyof Database, "__InternalSupabase">'.
node_modules_old/@supabase/ssr/src/createBrowserClient.ts(78,29): error TS2344: Type 'SchemaName' does not satisfy the constraint '{ PostgrestVersion: string; } | (string & Exclude<keyof Database, "__InternalSupabase">)'.
  Type 'string & keyof Database' is not assignable to type '{ PostgrestVersion: string; } | (string & Exclude<keyof Database, "__InternalSupabase">)'.
    Type 'string & keyof Database' is not assignable to type 'string & Exclude<keyof Database, "__InternalSupabase">'.
      Type 'string & keyof Database' is not assignable to type 'Exclude<keyof Database, "__InternalSupabase">'.
        Type 'SchemaName' is not assignable to type 'string & Exclude<keyof Database, "__InternalSupabase">'.
          Type 'string & keyof Database' is not assignable to type 'string & Exclude<keyof Database, "__InternalSupabase">'.
            Type 'string & keyof Database' is not assignable to type 'Exclude<keyof Database, "__InternalSupabase">'.
              Type 'SchemaName' is not assignable to type 'Exclude<keyof Database, "__InternalSupabase">'.
                Type 'string & keyof Database' is not assignable to type 'Exclude<keyof Database, "__InternalSupabase">'.
node_modules_old/@supabase/ssr/src/createBrowserClient.ts(97,29): error TS2344: Type 'SchemaName' does not satisfy the constraint '{ PostgrestVersion: string; } | (string & Exclude<keyof Database, "__InternalSupabase">)'.
  Type 'string & keyof Database' is not assignable to type '{ PostgrestVersion: string; } | (string & Exclude<keyof Database, "__InternalSupabase">)'.
    Type 'string & keyof Database' is not assignable to type 'string & Exclude<keyof Database, "__InternalSupabase">'.
      Type 'string & keyof Database' is not assignable to type 'Exclude<keyof Database, "__InternalSupabase">'.
        Type 'SchemaName' is not assignable to type 'string & Exclude<keyof Database, "__InternalSupabase">'.
          Type 'string & keyof Database' is not assignable to type 'string & Exclude<keyof Database, "__InternalSupabase">'.
            Type 'string & keyof Database' is not assignable to type 'Exclude<keyof Database, "__InternalSupabase">'.
              Type 'SchemaName' is not assignable to type 'Exclude<keyof Database, "__InternalSupabase">'.
                Type 'string & keyof Database' is not assignable to type 'Exclude<keyof Database, "__InternalSupabase">'.
node_modules_old/@supabase/ssr/src/createBrowserClient.ts(121,41): error TS2344: Type 'SchemaName' does not satisfy the constraint '(string & Exclude<keyof Database, "__InternalSupabase">) | { PostgrestVersion: string; }'.
  Type 'string & keyof Database' is not assignable to type '(string & Exclude<keyof Database, "__InternalSupabase">) | { PostgrestVersion: string; }'.
    Type 'string & keyof Database' is not assignable to type 'string & Exclude<keyof Database, "__InternalSupabase">'.
      Type 'string & keyof Database' is not assignable to type 'Exclude<keyof Database, "__InternalSupabase">'.
        Type 'SchemaName' is not assignable to type 'string & Exclude<keyof Database, "__InternalSupabase">'.
          Type 'string & keyof Database' is not assignable to type 'string & Exclude<keyof Database, "__InternalSupabase">'.
            Type 'string & keyof Database' is not assignable to type 'Exclude<keyof Database, "__InternalSupabase">'.
              Type 'SchemaName' is not assignable to type 'Exclude<keyof Database, "__InternalSupabase">'.
                Type 'string & keyof Database' is not assignable to type 'Exclude<keyof Database, "__InternalSupabase">'.
node_modules_old/@supabase/ssr/src/createServerClient.ts(9,8): error TS2307: Cannot find module '@supabase/supabase-js/dist/module/lib/types' or its corresponding type declarations.
node_modules_old/@supabase/ssr/src/createServerClient.ts(40,29): error TS2344: Type 'SchemaName' does not satisfy the constraint '{ PostgrestVersion: string; } | (string & Exclude<keyof Database, "__InternalSupabase">)'.
  Type 'string & keyof Database' is not assignable to type '{ PostgrestVersion: string; } | (string & Exclude<keyof Database, "__InternalSupabase">)'.
    Type 'string & keyof Database' is not assignable to type 'string & Exclude<keyof Database, "__InternalSupabase">'.
      Type 'string & keyof Database' is not assignable to type 'Exclude<keyof Database, "__InternalSupabase">'.
        Type 'SchemaName' is not assignable to type 'string & Exclude<keyof Database, "__InternalSupabase">'.
          Type 'string & keyof Database' is not assignable to type 'string & Exclude<keyof Database, "__InternalSupabase">'.
            Type 'string & keyof Database' is not assignable to type 'Exclude<keyof Database, "__InternalSupabase">'.
              Type 'SchemaName' is not assignable to type 'Exclude<keyof Database, "__InternalSupabase">'.
                Type 'string & keyof Database' is not assignable to type 'Exclude<keyof Database, "__InternalSupabase">'.
node_modules_old/@supabase/ssr/src/createServerClient.ts(119,29): error TS2344: Type 'SchemaName' does not satisfy the constraint '{ PostgrestVersion: string; } | (string & Exclude<keyof Database, "__InternalSupabase">)'.
  Type 'string & keyof Database' is not assignable to type '{ PostgrestVersion: string; } | (string & Exclude<keyof Database, "__InternalSupabase">)'.
    Type 'string & keyof Database' is not assignable to type 'string & Exclude<keyof Database, "__InternalSupabase">'.
      Type 'string & keyof Database' is not assignable to type 'Exclude<keyof Database, "__InternalSupabase">'.
        Type 'SchemaName' is not assignable to type 'string & Exclude<keyof Database, "__InternalSupabase">'.
          Type 'string & keyof Database' is not assignable to type 'string & Exclude<keyof Database, "__InternalSupabase">'.
            Type 'string & keyof Database' is not assignable to type 'Exclude<keyof Database, "__InternalSupabase">'.
              Type 'SchemaName' is not assignable to type 'Exclude<keyof Database, "__InternalSupabase">'.
                Type 'string & keyof Database' is not assignable to type 'Exclude<keyof Database, "__InternalSupabase">'.
node_modules_old/@supabase/ssr/src/createServerClient.ts(137,29): error TS2344: Type 'SchemaName' does not satisfy the constraint '{ PostgrestVersion: string; } | (string & Exclude<keyof Database, "__InternalSupabase">)'.
  Type 'string & keyof Database' is not assignable to type '{ PostgrestVersion: string; } | (string & Exclude<keyof Database, "__InternalSupabase">)'.
    Type 'string & keyof Database' is not assignable to type 'string & Exclude<keyof Database, "__InternalSupabase">'.
      Type 'string & keyof Database' is not assignable to type 'Exclude<keyof Database, "__InternalSupabase">'.
        Type 'SchemaName' is not assignable to type 'string & Exclude<keyof Database, "__InternalSupabase">'.
          Type 'string & keyof Database' is not assignable to type 'string & Exclude<keyof Database, "__InternalSupabase">'.
            Type 'string & keyof Database' is not assignable to type 'Exclude<keyof Database, "__InternalSupabase">'.
              Type 'SchemaName' is not assignable to type 'Exclude<keyof Database, "__InternalSupabase">'.
                Type 'string & keyof Database' is not assignable to type 'Exclude<keyof Database, "__InternalSupabase">'.
node_modules_old/@supabase/ssr/src/createServerClient.ts(153,41): error TS2344: Type 'SchemaName' does not satisfy the constraint '{ PostgrestVersion: string; } | (string & Exclude<keyof Database, "__InternalSupabase">)'.
  Type 'string & keyof Database' is not assignable to type '{ PostgrestVersion: string; } | (string & Exclude<keyof Database, "__InternalSupabase">)'.
    Type 'string & keyof Database' is not assignable to type 'string & Exclude<keyof Database, "__InternalSupabase">'.
      Type 'string & keyof Database' is not assignable to type 'Exclude<keyof Database, "__InternalSupabase">'.
        Type 'SchemaName' is not assignable to type 'string & Exclude<keyof Database, "__InternalSupabase">'.
          Type 'string & keyof Database' is not assignable to type 'string & Exclude<keyof Database, "__InternalSupabase">'.
            Type 'string & keyof Database' is not assignable to type 'Exclude<keyof Database, "__InternalSupabase">'.
              Type 'SchemaName' is not assignable to type 'Exclude<keyof Database, "__InternalSupabase">'.
                Type 'string & keyof Database' is not assignable to type 'Exclude<keyof Database, "__InternalSupabase">'.
node_modules_old/@supabase/ssr/src/utils/base64url.test.ts(1,40): error TS2307: Cannot find module 'vitest' or its corresponding type declarations.
node_modules_old/fastq/test/example.ts(6,15): error TS2349: This expression is not callable.
  Type 'typeof fastqueue' has no call signatures.
node_modules_old/fastq/test/example.ts(8,22): error TS7006: Parameter 'err' implicitly has an 'any' type.
node_modules_old/fastq/test/example.ts(8,27): error TS7006: Parameter 'result' implicitly has an 'any' type.
node_modules_old/fastq/test/example.ts(39,25): error TS7006: Parameter 'err' implicitly has an 'any' type.
node_modules_old/fastq/test/example.ts(39,30): error TS7006: Parameter 'result' implicitly has an 'any' type.
node_modules_old/fastq/test/example.ts(46,38): error TS2694: Namespace 'fastqueue' has no exported member 'done'.
node_modules_old/fastq/test/example.ts(56,23): error TS2349: This expression is not callable.
  Type 'typeof fastqueue' has no call signatures.
node_modules_old/fastq/test/example.ts(58,24): error TS7006: Parameter 'err' implicitly has an 'any' type.
node_modules_old/fastq/test/example.ts(58,29): error TS7006: Parameter 'done' implicitly has an 'any' type.
node_modules_old/fastq/test/example.ts(63,27): error TS7006: Parameter 'err' implicitly has an 'any' type.
node_modules_old/fastq/test/example.ts(63,32): error TS7006: Parameter 'done' implicitly has an 'any' type.
node_modules_old/fastq/test/example.ts(68,72): error TS2694: Namespace 'fastqueue' has no exported member 'done'.
